1789233019.730451 pose [-1.5707963267948966, 0.0, 1.0] point 284.0 65.32
1789233019.730564 frame 284.0 65.5
1789233019.730589 surface appear
1789233019.742073 surface disappear
1789233020.987698 begin
1789233021.013691 pose [-0.9424777960769379, 0.0, 0.0] point 391.91999999999996 136.32
1789233021.014049 frame 392.0 136.5
1789233021.014135 surface appear
1789233022.1473289 settle 412.53687897131806 107.0841636700865
1789233022.2040172 frame 393.0 134.5
1789233022.204257 pose [-0.9424777960769379, 0.057861328125, 0.0] point 393.1129199990728 134.62837568110606
1789233022.2206879 frame 394.5 133.0
1789233022.221023 pose [-0.9424777960769379, 0.11335372924804688, 0.0] point 394.2570001168545 133.00600892431876
1789233022.23757 frame 395.5 131.5
1789233022.237915 pose [-0.9424777960769379, 0.16716861724853516, 0.0] point 395.3664951496156 131.43268566662385
1789233022.253866 frame 396.5 130.0
1789233022.2541761 pose [-0.9424777960769379, 0.21955394744873047, 0.0] point 396.4465171622256 129.90115672680247
1789233022.2712069 frame 397.5 128.5
1789233022.271587 pose [-0.9424777960769379, 0.2706747055053711, 0.0] point 397.5004676440014 128.40659861119744
1789233022.287928 frame 398.5 127.0
1789233022.288373 pose [-0.9424777960769379, 0.32040882110595703, 0.0] point 398.5258298860842 126.9525801474857
1789233022.304689 frame 399.5 125.5
1789233022.305153 pose [-0.9424777960769379, 0.36880970001220703, 0.0] point 399.52370494859974 125.53753997355861
1789233022.321378 frame 400.5 124.0
1789233022.321837 pose [-0.9424777960769379, 0.41594600677490234, 0.0] point 400.49550848028116 124.15947062384785
1789233022.338046 frame 401.5 123.0
1789233022.338491 pose [-0.9424777960769379, 0.46173858642578125, 0.0] point 401.4396085527278 122.82068626005024
1789233022.355087 frame 402.5 121.5
1789233022.3554611 pose [-0.9424777960769379, 0.5061893463134766, 0.0] point 402.3560444895155 121.52113111923329
1789233022.3710918 frame 403.0 120.5
1789233022.3715239 pose [-0.9424777960769379, 0.5492029190063477, 0.0] point 403.24285011184844 120.26359334801967
1789233022.387899 frame 404.0 119.0
1789233022.388334 pose [-0.9424777960769379, 0.5908603668212891, 0.0] point 404.1016966717031 119.04570302178013
1789233022.404347 frame 405.0 118.0
1789233022.404756 pose [-0.9424777960769379, 0.6310758590698242, 0.0] point 404.93081460816313 117.86996947247505
1789233022.421723 frame 405.5 116.5
1789233022.422071 pose [-0.9424777960769379, 0.6696834564208984, 0.0] point 405.7267827701236 116.74124407522785
1789233022.437639 frame 406.5 115.5
1789233022.4380832 pose [-0.9424777960769379, 0.7068843841552734, 0.0] point 406.49374979484395 115.65364384066473
1789233022.454111 frame 407.0 114.5
1789233022.454496 pose [-0.9424777960769379, 0.7424449920654297, 0.0] point 407.22689854427415 114.61399972801117
1789233022.471455 frame 408.0 113.5
1789233022.471931 pose [-0.9424777960769379, 0.7761144638061523, 0.0] point 407.92105796818083 113.62964456288475
1789233022.488545 frame 408.5 112.5
1789233022.488961 pose [-0.9424777960769379, 0.8081445693969727, 0.0] point 408.5814187785853 112.69321763820167
1789233022.504942 frame 409.0 112.0
1789233022.505382 pose [-0.9424777960769379, 0.8381052017211914, 0.0] point 409.1991135091179 111.8172934952301
1789233022.5316858 frame 410.0 110.5
1789233022.5319262 pose [-0.9424777960769379, 0.8835458755493164, 0.0] point 410.1359583818075 110.48879739247006
1789233022.535377 frame 410.5 110.0
1789233022.535563 pose [-0.9424777960769379, 0.8920764923095703, 0.0] point 410.31183307510435 110.23939767707407
1789233022.552341 frame 411.0 109.5
1789233022.552517 pose [-0.9424777960769379, 0.9157018661499023, 0.0] point 410.7989145482226 109.54869011424509
1789233022.5689878 frame 411.0 109.0
1789233022.5691319 pose [-0.9424777960769379, 0.9369373321533203, 0.0] point 411.2367235807146 108.92785350577972
1789233022.585805 frame 411.5 108.5
1789233022.5859551 pose [-0.9424777960769379, 0.9555072784423828, 0.0] point 411.61957791586013 108.3849455954174
1789233022.602545 frame 412.0 108.0
1789233022.6026778 pose [-0.9424777960769379, 0.9712419509887695, 0.0] point 411.9439777554023 107.92492928414646
1789233022.61917 frame 412.0 107.5
1789233022.6192908 pose [-0.9424777960769379, 0.9838666915893555, 0.0] point 412.20426050440886 107.55583443424013
1789233022.6358309 frame 412.5 107.5
1789233022.636045 pose [-0.9424777960769379, 0.9931058883666992, 0.0] point 412.39474390615953 107.28571878943782
1789233022.65233 frame 412.5 107.0
1789233022.652495 pose [-0.9424777960769379, 0.9985885620117188, 0.0] point 412.5077795251381 107.12542824010171
1789233022.668977 commit
1789233022.6691608 pose [-0.9424777960769379, 1.0, 0.0] point 412.53687897131806 107.0841636700865
1789233022.678549 pose [-0.9424777960769379, 0.0, 1.0] point 412.53687897131806 107.0841636700865
1789233047.85844 surface disappear
1789233048.028059 begin
1789233048.048096 pose [-0.9424777960769379, 0.0, 0.0] point 391.91999999999996 136.32
1789233048.048339 frame 392.0 136.5
1789233048.048393 surface appear
1789233049.1799421 cancel
1789233049.203059 pose [-1.5707963267948966, 0.0, 0.0] point 391.91999999999996 136.32
1789233049.23859 frame 385.5 142.0
1789233049.238944 pose [-1.5707963267948966, 0.05766773223876953, 0.0] point 385.69649833679193 141.952984085083
1789233049.255015 frame 379.5 147.5
1789233049.2553558 pose [-1.5707963267948966, 0.11299991607666016, 0.0] point 379.7250490570068 147.35783180236817
1789233049.272176 frame 374.0 152.5
1789233049.272492 pose [-1.5707963267948966, 0.1670379638671875, 0.0] point 373.8932629394531 152.63626831054688
1789233049.2897182 frame 368.0 158.0
1789233049.29003 pose [-1.5707963267948966, 0.22008514404296875, 0.0] point 368.16841125488276 157.8179168701172
1789233049.305945 frame 362.5 163.0
1789233049.3062449 pose [-1.5707963267948966, 0.2706308364868164, 0.0] point 362.71352012634276 162.75522010803223
1789233049.322788 frame 357.5 167.5
1789233049.323079 pose [-1.5707963267948966, 0.32043933868408203, 0.0] point 357.33818656921386 167.62051460266113
1789233049.339085 frame 352.0 172.5
1789233049.3394132 pose [-1.5707963267948966, 0.3689613342285156, 0.0] point 352.1016928100586 172.3601431274414
1789233049.3564029 frame 347.0 177.0
1789233049.356605 pose [-1.5707963267948966, 0.4158668518066406, 0.0] point 347.0396493530273 176.94187408447266
1789233049.373551 frame 342.0 181.5
1789233049.373785 pose [-1.5707963267948966, 0.46165943145751953, 0.0] point 342.09771415710446 181.4148932647705
1789233049.389363 frame 337.5 186.0
1789233049.389591 pose [-1.5707963267948966, 0.5063676834106445, 0.0] point 337.27279960632325 185.78199531555174
1789233049.406241 frame 332.5 190.0
1789233049.406466 pose [-1.5707963267948966, 0.5490531921386719, 0.0] point 332.6661795043945 189.95151580810546
1789233049.422806 frame 328.0 194.0
1789233049.423308 pose [-1.5707963267948966, 0.5907001495361328, 0.0] point 328.17163986206054 194.01959060668946
1789233049.439333 frame 324.0 198.0
1789233049.439558 pose [-1.5707963267948966, 0.6309728622436523, 0.0] point 323.82540870666503 197.95342918395997
1789233049.455371 frame 319.5 201.5
1789233049.455583 pose [-1.5707963267948966, 0.6696319580078125, 0.0] point 319.65331909179685 201.72964965820313
1789233049.471964 frame 315.5 205.5
1789233049.4723392 pose [-1.5707963267948966, 0.7067604064941406, 0.0] point 315.6464169311523 205.35635650634765
1789233049.4887729 frame 312.0 209.0
1789233049.489063 pose [-1.5707963267948966, 0.7422542572021484, 0.0] point 311.8159205627441 208.82339584350586
1789233049.505206 frame 308.0 212.0
1789233049.505532 pose [-1.5707963267948966, 0.7760696411132812, 0.0] point 308.1665643310547 212.12648254394531
1789233049.522021 frame 304.5 215.0
1789233049.522295 pose [-1.5707963267948966, 0.808013916015625, 0.0] point 304.7191381835937 215.24679931640625
1789233049.546908 frame 299.5 220.0
1789233049.547145 pose [-1.5707963267948966, 0.8561534881591797, 0.0] point 299.5239155578613 219.94907272338867
1789233049.5512261 frame 298.5 221.0
1789233049.551316 pose [-1.5707963267948966, 0.8659877777099609, 0.0] point 298.462599029541 220.90968612670898
1789233049.569279 frame 295.5 223.5
1789233049.569614 pose [-1.5707963267948966, 0.8920001983642578, 0.0] point 295.6553385925293 223.4505793762207
1789233049.585912 frame 293.0 226.0
1789233049.586117 pose [-1.5707963267948966, 0.9156789779663086, 0.0] point 293.09992469787596 225.76352256774902
1789233049.602433 frame 291.0 228.0
1789233049.6026301 pose [-1.5707963267948966, 0.9369230270385742, 0.0] point 290.8072669219971 227.83864128112793
1789233049.620607 frame 289.0 229.5
1789233049.620817 pose [-1.5707963267948966, 0.9554996490478516, 0.0] point 288.8024778747558 229.65320571899414
1789233049.63637 frame 287.0 231.0
1789233049.63652 pose [-1.5707963267948966, 0.9711837768554688, 0.0] point 287.10984680175784 231.1852313232422
1789233049.6532989 frame 285.5 232.5
1789233049.653507 pose [-1.5707963267948966, 0.9838552474975586, 0.0] point 285.7423416900635 232.42298057556152
1789233049.671051 frame 284.5 233.5
1789233049.6712952 pose [-1.5707963267948966, 0.9931001663208008, 0.0] point 284.74463005065917 233.3260242462158
1789233049.687333 frame 284.0 234.0
1789233049.6875548 pose [-1.5707963267948966, 0.9985790252685547, 0.0] point 284.1533515930176 233.86119918823243
1789233049.703531 pose [-1.5707963267948966, 1.0, 0.0] point 284.0 234.0
1789233049.7193642 surface disappear
1789233065.180725 begin
1789233065.213367 pose [-0.9424777960769379, 0.0, 0.0] point 391.91999999999996 136.32
1789233065.213814 frame 392.0 136.5
1789233065.213931 surface appear
1789233066.4023929 settle 412.53687897131806 107.0841636700865
1789233066.4716458 frame 393.0 134.5
1789233066.472023 pose [-0.9424777960769379, 0.05771923065185547, 0.0] point 393.1099903926669 134.6325300195738
1789233066.4881449 frame 394.5 133.0
1789233066.4886432 pose [-0.9424777960769379, 0.11328125, 0.0] point 394.2555058209696 133.00812791575197
1789233066.504915 frame 395.5 131.5
1789233066.505394 pose [-0.9424777960769379, 0.16719341278076172, 0.0] point 395.36700635610254 131.43196074850198
1789233066.521902 frame 396.5 130.0
1789233066.522285 pose [-0.9424777960769379, 0.2196054458618164, 0.0] point 396.44757889877536 129.89965112762624
1789233066.538496 frame 397.5 128.5
1789233066.5389528 pose [-0.9424777960769379, 0.27060699462890625, 0.0] point 397.4990716570562 128.4085781952995
1789233066.555303 frame 398.5 127.0
1789233066.555759 pose [-0.9424777960769379, 0.3203544616699219, 0.0] point 398.5247091641705 126.95416939106062
1789233066.5720181 frame 399.5 125.5
1789233066.57249 pose [-0.9424777960769379, 0.3688201904296875, 0.0] point 399.52392122826734 125.53723327743012
1789233066.587811 frame 400.5 124.0
1789233066.588283 pose [-0.9424777960769379, 0.4158449172973633, 0.0] point 400.4934243307575 124.16242605926787
1789233066.605236 frame 401.5 123.0
1789233066.6056929 pose [-0.9424777960769379, 0.46169090270996094, 0.0] point 401.4386254633298 122.82208033336155
1789233066.621242 frame 402.5 121.5
1789233066.6217542 pose [-0.9424777960769379, 0.5061216354370117, 0.0] point 402.3546485025704 121.52311070333538
1789233066.638363 frame 403.0 120.5
1789233066.638896 pose [-0.9424777960769379, 0.5492696762084961, 0.0] point 403.2442264370056 120.26164164538382
1789233066.654396 frame 404.0 119.0
1789233066.654964 pose [-0.9424777960769379, 0.5908374786376953, 0.0] point 404.1012247887921 119.04637217696957
1789233066.6714559 frame 405.0 118.0
1789233066.672007 pose [-0.9424777960769379, 0.6310310363769531, 0.0] point 404.92989050412905 117.87127990138771
1789233066.688621 frame 405.5 116.5
1789233066.6890311 pose [-0.9424777960769379, 0.6697578430175781, 0.0] point 405.72831638958445 116.73906932086219
1789233066.705641 frame 406.5 115.5
1789233066.7060862 pose [-0.9424777960769379, 0.7068157196044922, 0.0] point 406.49233414611086 115.65565130623303
1789233066.7213101 frame 407.0 114.5
1789233066.721719 pose [-0.9424777960769379, 0.7424173355102539, 0.0] point 407.2263283524233 114.61480829053173
1789233066.739132 frame 408.0 113.5
1789233066.739573 pose [-0.9424777960769379, 0.7763395309448242, 0.0] point 407.9256981501393 113.6230645368553
1789233066.755642 frame 408.5 112.5
1789233066.756088 pose [-0.9424777960769379, 0.808619499206543, 0.0] point 408.5912103489891 112.67933266802089
1789233066.771349 frame 409.0 112.0
1789233066.7718558 pose [-0.9424777960769379, 0.8383674621582031, 0.0] point 409.2045205008067 111.80962609201782
1789233066.80565 frame 410.5 110.0
1789233066.806062 pose [-0.9424777960769379, 0.8952903747558594, 0.0] point 410.37809330052755 110.14543713589077
1789233066.8114638 pose [-0.9424777960769379, 0.9031820297241211, 0.0] point 410.5407945958916 109.91471800286652
1789233066.82109 frame 411.0 109.5
1789233066.8214722 pose [-0.9424777960769379, 0.9159584045410156, 0.0] point 410.8042035691837 109.54118999983017
1789233066.8384109 frame 411.0 109.0
1789233066.838848 pose [-0.9424777960769379, 0.9369115829467773, 0.0] point 411.23619271243973 108.92860630536784
1789233066.853166 frame 411.5 108.5
1789233066.853342 pose [-0.9424777960769379, 0.9555654525756836, 0.0] point 411.6207772849256 108.38324482597758
1789233066.8708181 frame 412.0 108.0
1789233066.871269 pose [-0.9424777960769379, 0.9713411331176758, 0.0] point 411.94602258135006 107.9220296116589
1789233066.88749 frame 412.0 107.5
1789233066.887883 pose [-0.9424777960769379, 0.9839305877685547, 0.0] point 412.20557784420214 107.55396637600295
1789233066.904982 frame 412.5 107.5
1789233066.905288 pose [-0.9424777960769379, 0.9931192398071289, 0.0] point 412.395019171191 107.28532844891066
1789233066.920358 frame 412.5 107.0
1789233066.920507 pose [-0.9424777960769379, 0.9985933303833008, 0.0] point 412.50787783407793 107.12528883277058
1789233066.935718 commit
1789233066.9359431 pose [-0.9424777960769379, 1.0, 0.0] point 412.53687897131806 107.0841636700865
1789233066.947558 pose [-0.9424777960769379, 0.0, 1.0] point 412.53687897131806 107.0841636700865
