1789232734.328635 frame 284.0 65.5
1789232734.328728 surface appear
1789232734.342472 surface disappear
1789232743.988436 begin
1789232744.0142698 frame 392.0 136.5
1789232744.014526 surface appear
1789232754.793097 settle 412.53687897131806 107.0841636700865
1789232754.836977 frame 393.0 134.5
1789232754.85355 frame 394.5 133.0
1789232754.870111 frame 395.5 131.5
1789232754.8864279 frame 396.5 130.0
1789232754.902883 frame 397.5 128.5
1789232754.919613 frame 398.5 127.0
1789232754.936333 frame 399.5 125.5
1789232754.952859 frame 400.5 124.0
1789232754.9696069 frame 401.5 123.0
1789232754.986187 frame 402.5 121.5
1789232755.003236 frame 403.0 120.5
1789232755.019517 frame 404.0 119.0
1789232755.0364208 frame 405.0 118.0
1789232755.052985 frame 405.5 116.5
1789232755.069923 frame 406.5 115.5
1789232755.086391 frame 407.0 114.5
1789232755.103348 frame 408.0 113.5
1789232755.120014 frame 408.5 112.5
1789232755.149023 frame 409.5 111.0
1789232755.153028 frame 410.0 111.0
1789232755.17015 frame 410.5 110.0
1789232755.1867661 frame 411.0 109.5
1789232755.2038379 frame 411.0 109.0
1789232755.220993 frame 411.5 108.5
1789232755.23543 frame 412.0 108.0
1789232755.2522712 frame 412.0 107.5
1789232755.268983 frame 412.5 107.5
1789232755.285203 frame 412.5 107.0
1789232755.301684 commit
1789232755.3116999 frame 155.5 107.0
1789232755.368826 frame 191.5 86.0
1789232755.386116 frame 227.5 73.0
1789232755.4031081 frame 261.0 66.5
1789232755.4198508 frame 290.5 65.5
1789232755.436624 frame 315.5 67.5
1789232755.453436 frame 336.0 71.5
1789232755.47011 frame 352.5 76.5
1789232755.486942 frame 366.0 81.0
1789232755.503675 frame 376.0 85.5
1789232755.520263 frame 384.5 89.5
1789232755.5369081 frame 390.5 93.0
1789232755.553479 frame 395.5 96.0
1789232755.570386 frame 399.5 98.5
1789232755.587195 frame 403.0 100.5
1789232755.603292 frame 405.0 102.0
1789232755.6201859 frame 407.0 103.0
1789232755.6374102 frame 408.5 104.0
1789232755.6541948 frame 409.5 105.0
1789232755.670747 frame 410.5 105.5
1789232755.6869822 frame 411.0 106.0
1789232755.7038069 frame 411.5 106.5
1789232755.7204518 frame 412.0 106.5
1789232755.737499 frame 412.0 107.0
1789232755.7537642 frame 412.5 107.0
1789232844.330142 surface disappear
1789232852.460316 pose [-1.5707963267948966, 0.0, 1.0] point 284.0 65.32
1789232852.4603949 frame 284.0 65.5
1789232852.4604201 surface appear
1789232852.474654 surface disappear
1789232867.011909 begin
1789232867.036274 pose [-0.9424777960769379, 0.0, 0.0] point 391.91999999999996 136.32
1789232867.036611 frame 392.0 136.5
1789232867.0367088 surface appear
1789232868.13988 settle 412.53687897131806 107.0841636700865
1789232868.186232 frame 393.0 134.5
1789232868.186428 pose [-0.9424777960769379, 0.057666778564453125, 0.0] point 393.1089089943291 134.63406350021629
1789232868.202842 frame 394.5 133.0
1789232868.2030458 pose [-0.9424777960769379, 0.11315345764160156, 0.0] point 394.252871141383 133.01186403222633
1789232868.2194772 frame 395.5 131.5
1789232868.219666 pose [-0.9424777960769379, 0.16701889038085938, 0.0] point 395.36340824890596 131.43706305682142
1789232868.236216 frame 396.5 130.0
1789232868.236419 pose [-0.9424777960769379, 0.21942520141601562, 0.0] point 396.44386282085105 129.90492072474305
1789232868.2526789 frame 397.5 128.5
1789232868.252893 pose [-0.9424777960769379, 0.2704935073852539, 0.0] point 397.49673190428905 128.41189608978047
1789232868.2694821 frame 398.5 127.0
1789232868.269695 pose [-0.9424777960769379, 0.32024574279785156, 0.0] point 398.5224677203431 126.95734787821043
1789232868.2860842 frame 399.5 125.5
1789232868.2862558 pose [-0.9424777960769379, 0.3686408996582031, 0.0] point 399.52022481213095 125.5424749930807
1789232868.3028688 frame 400.5 124.0
1789232868.3030782 pose [-0.9424777960769379, 0.4158000946044922, 0.0] point 400.4925002267234 124.16373648818052
1789232868.31961 frame 401.5 123.0
1789232868.319804 pose [-0.9424777960769379, 0.4615640640258789, 0.0] point 401.4360104455312 122.82578856836969
1789232868.336131 frame 402.5 121.5
1789232868.3363419 pose [-0.9424777960769379, 0.5060195922851562, 0.0] point 402.35254469125874 121.5260940202216
1789232868.3534951 frame 403.0 120.5
1789232868.353692 pose [-0.9424777960769379, 0.5490646362304688, 0.0] point 403.23999915259435 120.26763616062252
1789232868.370037 frame 404.0 119.0
1789232868.37026 pose [-0.9424777960769379, 0.5907382965087891, 0.0] point 404.0991799628443 119.04927184945713
1789232868.386682 frame 405.0 118.0
1789232868.38689 pose [-0.9424777960769379, 0.6309604644775391, 0.0] point 404.92843553182 117.87334312988847
1789232868.403203 frame 405.5 116.5
1789232868.403411 pose [-0.9424777960769379, 0.6697149276733398, 0.0] point 405.72743160912626 116.74032398684237
1789232868.4193501 frame 406.5 115.5
1789232868.419527 pose [-0.9424777960769379, 0.7067384719848633, 0.0] point 406.4907415412862 115.65790970499738
1789232868.437053 frame 407.0 114.5
1789232868.4372602 pose [-0.9424777960769379, 0.7422733306884766, 0.0] point 407.22335942244143 114.61901839193193
1789232868.453347 frame 408.0 113.5
1789232868.453526 pose [-0.9424777960769379, 0.7760343551635742, 0.0] point 407.91940637799223 113.63198660604778
1789232868.470325 frame 408.5 112.5
1789232868.470532 pose [-0.9424777960769379, 0.8080148696899414, 0.0] point 408.5787447754228 112.69700951760848
1789232868.488257 frame 409.5 111.5
1789232868.488482 pose [-0.9424777960769379, 0.8410348892211914, 0.0] point 409.2595145217292 111.73164163098231
1789232868.50247 frame 410.0 111.0
1789232868.5026631 pose [-0.9424777960769379, 0.8665065765380859, 0.0] point 409.7846612163369 110.98695554953885
1789232868.518678 frame 410.5 110.0
1789232868.518837 pose [-0.9424777960769379, 0.8920440673828125, 0.0] point 410.31116457431375 110.24034564692576
1789232868.536314 frame 411.0 109.5
1789232868.5365129 pose [-0.9424777960769379, 0.9157295227050781, 0.0] point 410.79948474007347 109.54788155172452
1789232868.552885 frame 411.0 109.0
1789232868.5531502 pose [-0.9424777960769379, 0.9369602203369141, 0.0] point 411.23719546362565 108.9271843505903
1789232868.5704 frame 411.5 108.5
1789232868.570607 pose [-0.9424777960769379, 0.9555330276489258, 0.0] point 411.620108784135 108.38419279582929
1789232868.585021 frame 412.0 108.0
1789232868.585143 pose [-0.9424777960769379, 0.9712200164794922, 0.0] point 411.9435255342792 107.92557055786966
1789232868.60191 frame 412.0 107.5
1789232868.602042 pose [-0.9424777960769379, 0.9838542938232422, 0.0] point 412.2040049011654 107.55619689330106
1789232868.618752 frame 412.5 107.5
1789232868.618877 pose [-0.9424777960769379, 0.9930934906005859, 0.0] point 412.39448830291605 107.28608124849877
1789232868.6351151 frame 412.5 107.0
1789232868.635229 pose [-0.9424777960769379, 0.9985847473144531, 0.0] point 412.5077008779863 107.12553976596661
1789232868.651928 commit
1789232868.65208 pose [-0.9424777960769379, 1.0, 0.0] point 412.53687897131806 107.0841636700865
1789232868.661571 frame 155.5 107.0
1789232868.661755 pose [4.084070449666731, 0.0, 1.0] point 155.46312102868197 107.08416367008653
1789232868.672061 pose [-2.1991148575128556, 0.0, 1.0] point 155.46312102868188 107.08416367008653
1789232868.719634 frame 191.5 86.0
1789232868.7197762 pose [-2.00763450724254, 0.0, 1.0] point 191.48159178050878 85.85538982719825
1789232868.7365751 frame 227.5 73.0
1789232868.736738 pose [-1.8328505791103669, 0.0, 1.0] point 227.3476183655833 72.78577212898651
1789232868.7530332 frame 261.0 66.5
1789232868.753257 pose [-1.6770041231736383, 0.0, 1.0] point 260.8181188185744 66.55220676012769
1789232868.770029 frame 290.5 65.5
1789232868.7702842 pose [-1.5416375091776737, 0.0, 1.0] point 290.3755466930039 65.41295828808762
1789232868.78686 frame 315.5 67.5
1789232868.787057 pose [-1.4265242352717618, 0.0, 1.0] point 315.44008758595857 67.5919056675854
1789232868.80392 frame 336.0 71.5
1789232868.804143 pose [-1.3304862521477057, 0.0, 1.0] point 336.0466714815082 71.60393980185049
1789232868.82049 frame 352.5 76.5
1789232868.820726 pose [-1.2517223308022305, 0.0, 1.0] point 352.5971672083407 76.35758850612686
1789232868.837103 frame 366.0 81.0
1789232868.837312 pose [-1.1876282991634026, 0.0, 1.0] point 365.7558443979363 81.1776040305696
1789232868.854045 frame 376.0 85.5
1789232868.854278 pose [-1.1357318116332464, 0.0, 1.0] point 376.1668206608252 85.69160489461046
1789232868.8704991 frame 384.5 89.5
1789232868.870696 pose [-1.0943382988101449, 0.0, 1.0] point 384.29420870331865 89.67549279471939
1789232868.887425 frame 390.5 93.0
1789232868.887589 pose [-1.0609610340262363, 0.0, 1.0] point 390.7231642339947 93.13065040220889
1789232868.9038172 frame 395.5 96.0
1789232868.9040241 pose [-1.03456937393966, 0.0, 1.0] point 395.72277324282925 96.01339319267618
1789232868.9204721 frame 399.5 98.5
1789232868.9206948 pose [-1.01342680436163, 0.0, 1.0] point 399.6720274859812 98.41733793998316
1789232868.9379401 frame 403.0 100.5
1789232868.938149 pose [-0.9966476910716402, 0.0, 1.0] point 402.76951119415907 100.38424465558376
1789232868.954218 frame 405.0 102.0
1789232868.95438 pose [-0.9834195036211075, 0.0, 1.0] point 405.1879527018598 101.97136895550801
1789232868.971205 frame 407.0 103.0
1789232868.9713879 pose [-0.973001616910881, 0.0, 1.0] point 407.07769570767255 103.2437463895383
1789232868.987815 frame 408.5 104.0
1789232868.9880018 pose [-0.9649014792973507, 0.0, 1.0] point 408.537792546523 104.24661163794659
1789232869.004112 frame 409.5 105.0
1789232869.0043411 pose [-0.9586349280943396, 0.0, 1.0] point 409.66177371554585 105.03055839986831
1789232869.0214639 frame 410.5 105.5
1789232869.0215878 pose [-0.9538484286671403, 0.0, 1.0] point 410.516968085138 105.63408625372341
1789232869.038286 frame 411.0 106.0
1789232869.038464 pose [-0.9502495659280616, 0.0, 1.0] point 411.15806182921017 106.09055755289779
1789232869.0541859 frame 411.5 106.5
1789232869.054356 pose [-0.9475974569565062, 0.0, 1.0] point 411.62944931010253 106.42841987299894
1789232869.070375 frame 412.0 106.5
1789232869.07063 pose [-0.9456943620415357, 0.0, 1.0] point 411.9671535550963 106.67163224400213
1789232869.086988 frame 412.0 107.0
1789232869.087157 pose [-0.9443725020344749, 0.0, 1.0] point 412.2014449649122 106.84094178137943
1789232869.103705 frame 412.5 107.0
1789232869.103883 pose [-0.9434988520388743, 0.0, 1.0] point 412.35617102986555 106.95301256855029
1789232869.1196408 pose [-0.9429607603406238, 0.0, 1.0] point 412.45141995711117 107.0221055865963
1789232869.136014 pose [-0.9426623531404805, 0.0, 1.0] point 412.5042257151889 107.06044429427385
1789232869.15242 pose [-0.9425245345540689, 0.0, 1.0] point 412.5286100541572 107.07815624534538
1789232869.169083 pose [-0.9424813913444094, 0.0, 1.0] point 412.5362429107357 107.08370154677004
1789232869.185992 pose [-0.9424777960769379, 0.0, 1.0] point 412.53687897131806 107.0841636700865
1789232994.716556 surface disappear
